Archive member included to satisfy reference by file (symbol)

c:/program files (x86)/atmel/studio/7.0/toolchain/avr8/avr8-gnu-toolchain/bin/../lib/gcc/avr/4.9.2/avr35\libgcc.a(_exit.o)
                              C:/Program Files (x86)/Atmel/Studio/7.0/Packs/atmel/ATmega_DFP/1.1.130/gcc/dev/atmega16u2/avr35/crtatmega16u2.o (exit)
c:/program files (x86)/atmel/studio/7.0/toolchain/avr8/avr8-gnu-toolchain/bin/../lib/gcc/avr/4.9.2/avr35\libgcc.a(_copy_data.o)
                              KeyboardMouse.o (__do_copy_data)
c:/program files (x86)/atmel/studio/7.0/toolchain/avr8/avr8-gnu-toolchain/bin/../lib/gcc/avr/4.9.2/avr35\libgcc.a(_clear_bss.o)
                              u16Driver.o (__do_clear_bss)
c:/program files (x86)/atmel/studio/7.0/toolchain/avr8/avr8-gnu-toolchain/bin/../lib/gcc/avr/4.9.2/../../../../avr/lib/avr35\libc.a(memcpy_P.o)
                              src/LUFA/LUFA/Drivers/USB/Class/Device/RNDISClassDevice.o (memcpy_P)
c:/program files (x86)/atmel/studio/7.0/toolchain/avr8/avr8-gnu-toolchain/bin/../lib/gcc/avr/4.9.2/../../../../avr/lib/avr35\libc.a(strlen_P.o)
                              src/LUFA/LUFA/Drivers/USB/Class/Device/CDCClassDevice.o (__strlen_P)
c:/program files (x86)/atmel/studio/7.0/toolchain/avr8/avr8-gnu-toolchain/bin/../lib/gcc/avr/4.9.2/../../../../avr/lib/avr35\libc.a(memcmp.o)
                              src/LUFA/LUFA/Drivers/USB/Class/Device/HIDClassDevice.o (memcmp)
c:/program files (x86)/atmel/studio/7.0/toolchain/avr8/avr8-gnu-toolchain/bin/../lib/gcc/avr/4.9.2/../../../../avr/lib/avr35\libc.a(memcpy.o)
                              src/LUFA/LUFA/Drivers/USB/Class/Device/HIDClassDevice.o (memcpy)
c:/program files (x86)/atmel/studio/7.0/toolchain/avr8/avr8-gnu-toolchain/bin/../lib/gcc/avr/4.9.2/../../../../avr/lib/avr35\libc.a(memset.o)
                              src/LUFA/LUFA/Drivers/USB/Class/Device/HIDClassDevice.o (memset)
C:/Program Files (x86)/Atmel/Studio/7.0/Packs/atmel/ATmega_DFP/1.1.130/gcc/dev/atmega16u2/avr35\libatmega16u2.a(eerd_byte.o)
                              src/LUFA/LUFA/Drivers/USB/Core/AVR8/EndpointStream_AVR8.o (eeprom_read_byte)
C:/Program Files (x86)/Atmel/Studio/7.0/Packs/atmel/ATmega_DFP/1.1.130/gcc/dev/atmega16u2/avr35\libatmega16u2.a(eeupd_byte.o)
                              src/LUFA/LUFA/Drivers/USB/Core/AVR8/EndpointStream_AVR8.o (eeprom_update_byte)

Allocating common symbols
Common symbol       size              file

USB_IsInitialized   0x1               src/LUFA/LUFA/Drivers/USB/Core/USBTask.o
USB_DeviceState     0x1               src/LUFA/LUFA/Drivers/USB/Core/USBTask.o
USB_Device_ConfigurationNumber
                    0x1               src/LUFA/LUFA/Drivers/USB/Core/DeviceStandardReq.o
USB_Device_CurrentlySelfPowered
                    0x1               src/LUFA/LUFA/Drivers/USB/Core/DeviceStandardReq.o
USB_ControlRequest  0x8               src/LUFA/LUFA/Drivers/USB/Core/USBTask.o
USB_Device_RemoteWakeupEnabled
                    0x1               src/LUFA/LUFA/Drivers/USB/Core/DeviceStandardReq.o

Discarded input sections

 .data          0x00000000        0x0 C:/Program Files (x86)/Atmel/Studio/7.0/Packs/atmel/ATmega_DFP/1.1.130/gcc/dev/atmega16u2/avr35/crtatmega16u2.o
 .bss           0x00000000        0x0 C:/Program Files (x86)/Atmel/Studio/7.0/Packs/atmel/ATmega_DFP/1.1.130/gcc/dev/atmega16u2/avr35/crtatmega16u2.o
 .group         0x00000000        0x8 Descriptors.o
 .group         0x00000000        0x8 Descriptors.o
 .group         0x00000000        0x8 Descriptors.o
 .group         0x00000000        0x8 Descriptors.o
 .group         0x00000000        0x8 Descriptors.o
 .group         0x00000000        0x8 Descriptors.o
 .group         0x00000000        0x8 Descriptors.o
 .group         0x00000000        0x8 Descriptors.o
 .group         0x00000000        0x8 Descriptors.o
 .group         0x00000000        0x8 Descriptors.o
 .group         0x00000000        0x8 Descriptors.o
 .group         0x00000000        0x8 Descriptors.o
 .group         0x00000000        0x8 Descriptors.o
 .group         0x00000000        0x8 Descriptors.o
 .group         0x00000000        0x8 Descriptors.o
 .group         0x00000000        0x8 Descriptors.o
 .group         0x00000000        0x8 Descriptors.o
 .group         0x00000000        0x8 Descriptors.o
 .group         0x00000000        0x8 Descriptors.o
 .group         0x00000000        0x8 Descriptors.o
 .group         0x00000000        0x8 Descriptors.o
 .group         0x00000000        0x8 Descriptors.o
 .group         0x00000000        0x8 Descriptors.o
 .group         0x00000000        0x8 Descriptors.o
 .group         0x00000000        0x8 Descriptors.o
 .group         0x00000000        0x8 Descriptors.o
 .group         0x00000000        0x8 Descriptors.o
 .group         0x00000000        0x8 Descriptors.o
 .group         0x00000000        0x8 Descriptors.o
[...]
Memory Configuration

Name             Origin             Length             Attributes
text             0x00000000         0x00010000         xr
data             0x00800060         0x0000ffa0         rw !x
eeprom           0x00810000         0x00010000         rw !x
fuse             0x00820000         0x00000003         rw !x
lock             0x00830000         0x00000400         rw !x
signature        0x00840000         0x00000400         rw !x
user_signatures  0x00850000         0x00000400         rw !x
*default*        0x00000000         0xffffffff

Linker script and memory map

Address of section .data set to 0x800100
LOAD C:/Program Files (x86)/Atmel/Studio/7.0/Packs/atmel/ATmega_DFP/1.1.130/gcc/dev/atmega16u2/avr35/crtatmega16u2.o
LOAD Descriptors.o
LOAD u16Driver.o
LOAD KeyboardMouse.o
LOAD src/LUFA/LUFA/Drivers/USB/Class/Common/HIDParser.o
LOAD src/LUFA/LUFA/Drivers/USB/Class/Device/AudioClassDevice.o
LOAD src/LUFA/LUFA/Drivers/USB/Class/Device/CDCClassDevice.o
LOAD src/LUFA/LUFA/Drivers/USB/Class/Device/HIDClassDevice.o
LOAD src/LUFA/LUFA/Drivers/USB/Class/Device/MassStorageClassDevice.o
LOAD src/LUFA/LUFA/Drivers/USB/Class/Device/MIDIClassDevice.o
LOAD src/LUFA/LUFA/Drivers/USB/Class/Device/PrinterClassDevice.o
LOAD src/LUFA/LUFA/Drivers/USB/Class/Device/RNDISClassDevice.o
LOAD src/LUFA/LUFA/Drivers/USB/Class/Host/AndroidAccessoryClassHost.o
LOAD src/LUFA/LUFA/Drivers/USB/Class/Host/AudioClassHost.o
LOAD src/LUFA/LUFA/Drivers/USB/Class/Host/CDCClassHost.o
LOAD src/LUFA/LUFA/Drivers/USB/Class/Host/HIDClassHost.o
LOAD src/LUFA/LUFA/Drivers/USB/Class/Host/MassStorageClassHost.o
LOAD src/LUFA/LUFA/Drivers/USB/Class/Host/MIDIClassHost.o
LOAD src/LUFA/LUFA/Drivers/USB/Class/Host/PrinterClassHost.o
LOAD src/LUFA/LUFA/Drivers/USB/Class/Host/RNDISClassHost.o
LOAD src/LUFA/LUFA/Drivers/USB/Class/Host/StillImageClassHost.o
LOAD src/LUFA/LUFA/Drivers/USB/Core/AVR8/Device_AVR8.o
LOAD src/LUFA/LUFA/Drivers/USB/Core/AVR8/EndpointStream_AVR8.o
LOAD src/LUFA/LUFA/Drivers/USB/Core/AVR8/Endpoint_AVR8.o
LOAD src/LUFA/LUFA/Drivers/USB/Core/AVR8/Host_AVR8.o
LOAD src/LUFA/LUFA/Drivers/USB/Core/AVR8/PipeStream_AVR8.o
LOAD src/LUFA/LUFA/Drivers/USB/Core/AVR8/Pipe_AVR8.o
LOAD src/LUFA/LUFA/Drivers/USB/Core/AVR8/Template/Template_Endpoint_Control_R.o
LOAD src/LUFA/LUFA/Drivers/USB/Core/AVR8/Template/Template_Endpoint_Control_W.o
LOAD src/LUFA/LUFA/Drivers/USB/Core/AVR8/Template/Template_Endpoint_RW.o
LOAD src/LUFA/LUFA/Drivers/USB/Core/AVR8/Template/Template_Pipe_RW.o
LOAD src/LUFA/LUFA/Drivers/USB/Core/AVR8/USBController_AVR8.o
LOAD src/LUFA/LUFA/Drivers/USB/Core/AVR8/USBInterrupt_AVR8.o
LOAD src/LUFA/LUFA/Drivers/USB/Core/ConfigDescriptors.o
LOAD src/LUFA/LUFA/Drivers/USB/Core/DeviceStandardReq.o
LOAD src/LUFA/LUFA/Drivers/USB/Core/Events.o
LOAD src/LUFA/LUFA/Drivers/USB/Core/HostStandardReq.o
LOAD src/LUFA/LUFA/Drivers/USB/Core/USBTask.o
START GROUP
LOAD c:/program files (x86)/atmel/studio/7.0/toolchain/avr8/avr8-gnu-toolchain/bin/../lib/gcc/avr/4.9.2/../../../../avr/lib/avr35\libm.a
END GROUP
START GROUP
LOAD c:/program files (x86)/atmel/studio/7.0/toolchain/avr8/avr8-gnu-toolchain/bin/../lib/gcc/avr/4.9.2/avr35\libgcc.a
LOAD c:/program files (x86)/atmel/studio/7.0/toolchain/avr8/avr8-gnu-toolchain/bin/../lib/gcc/avr/4.9.2/../../../../avr/lib/avr35\libm.a
LOAD c:/program files (x86)/atmel/studio/7.0/toolchain/avr8/avr8-gnu-toolchain/bin/../lib/gcc/avr/4.9.2/../../../../avr/lib/avr35\libc.a
LOAD C:/Program Files (x86)/Atmel/Studio/7.0/Packs/atmel/ATmega_DFP/1.1.130/gcc/dev/atmega16u2/avr35\libatmega16u2.a
END GROUP
                0x00010000                __TEXT_REGION_LENGTH__ = DEFINED (__TEXT_REGION_LENGTH__)?__TEXT_REGION_LENGTH__:0x10000
                0x0000ffa0                __DATA_REGION_LENGTH__ = DEFINED (__DATA_REGION_LENGTH__)?__DATA_REGION_LENGTH__:0xffa0
                0x00010000                __EEPROM_REGION_LENGTH__ = DEFINED (__EEPROM_REGION_LENGTH__)?__EEPROM_REGION_LENGTH__:0x10000
                [0x00000003]                __FUSE_REGION_LENGTH__ = DEFINED (__FUSE_REGION_LENGTH__)?__FUSE_REGION_LENGTH__:0x400
                0x00000400                __LOCK_REGION_LENGTH__ = DEFINED (__LOCK_REGION_LENGTH__)?__LOCK_REGION_LENGTH__:0x400
                0x00000400                __SIGNATURE_REGION_LENGTH__ = DEFINED (__SIGNATURE_REGION_LENGTH__)?__SIGNATURE_REGION_LENGTH__:0x400
                0x00000400                __USER_SIGNATURE_REGION_LENGTH__ = DEFINED (__USER_SIGNATURE_REGION_LENGTH__)?__USER_SIGNATURE_REGION_LENGTH__:0x400

.hash
 *(.hash)

.dynsym
 *(.dynsym)

.dynstr
 *(.dynstr)

.gnu.version
 *(.gnu.version)

.gnu.version_d
 *(.gnu.version_d)

.gnu.version_r
 *(.gnu.version_r)

.rel.init
 *(.rel.init)

.rela.init
 *(.rela.init)

.rel.text
 *(.rel.text)
 *(.rel.text.*)
 *(.rel.gnu.linkonce.t*)

.rela.text
 *(.rela.text)
 *(.rela.text.*)
 *(.rela.gnu.linkonce.t*)

.rel.fini
 *(.rel.fini)

.rela.fini
 *(.rela.fini)

.rel.rodata
 *(.rel.rodata)
 *(.rel.rodata.*)
 *(.rel.gnu.linkonce.r*)

.rela.rodata
 *(.rela.rodata)
 *(.rela.rodata.*)
 *(.rela.gnu.linkonce.r*)

.rel.data
 *(.rel.data)
 *(.rel.data.*)
 *(.rel.gnu.linkonce.d*)

.rela.data
 *(.rela.data)
 *(.rela.data.*)
 *(.rela.gnu.linkonce.d*)

.rel.ctors
 *(.rel.ctors)

.rela.ctors
 *(.rela.ctors)

.rel.dtors
 *(.rel.dtors)

.rela.dtors
 *(.rela.dtors)

.rel.got
 *(.rel.got)

.rela.got
 *(.rela.got)

.rel.bss
 *(.rel.bss)

.rela.bss
 *(.rela.bss)

.rel.plt
 *(.rel.plt)

.rela.plt
 *(.rela.plt)

.text           0x00000000     0x18b2
 *(.vectors)
 .vectors       0x00000000       0x74 C:/Program Files (x86)/Atmel/Studio/7.0/Packs/atmel/ATmega_DFP/1.1.130/gcc/dev/atmega16u2/avr35/crtatmega16u2.o
                0x00000000                __vector_default
                0x00000000                __vectors
 *(.vectors)
 *(.progmem.gcc*)
                0x00000074                . = ALIGN (0x2)
                0x00000074                __trampolines_start = .
 *(.trampolines)
 .trampolines   0x00000074        0x0 linker stubs
 *(.trampolines*)
                0x00000074                __trampolines_end = .
 *libprintf_flt.a:*(.progmem.data)
 *libc.a:*(.progmem.data)
 *(.progmem*)
 .progmem.data.ProductString
                0x00000074       0x3c Descriptors.o
                0x00000074                ProductString
 .progmem.data.ManufacturerString
                0x000000b0       0x1a Descriptors.o
                0x000000b0                ManufacturerString
 .progmem.data.LanguageString
                0x000000ca        0x4 Descriptors.o
                0x000000ca                LanguageString
 .progmem.data.ConfigurationDescriptor
                0x000000ce       0x3b Descriptors.o
                0x000000ce                ConfigurationDescriptor
 .progmem.data.DeviceDescriptor
                0x00000109       0x12 Descriptors.o
                0x00000109                DeviceDescriptor
 .progmem.data.KeyboardReport
                0x0000011b       0x40 Descriptors.o
                0x0000011b                KeyboardReport
 .progmem.data.MouseReport
                0x0000015b       0x3c Descriptors.o
                0x0000015b                MouseReport
                0x00000198                . = ALIGN (0x2)
 *fill*         0x00000197        0x1 
 *(.jumptables)
 *(.jumptables*)
 *(.lowtext)
 *(.lowtext*)
                0x00000198                __ctors_start = .
 *(.ctors)
                0x00000198                __ctors_end = .
                0x00000198                __dtors_start = .
 *(.dtors)
                0x00000198                __dtors_end = .
 SORT(*)(.ctors)
 SORT(*)(.dtors)
 *(.init0)
 .init0         0x00000198        0x0 C:/Program Files (x86)/Atmel/Studio/7.0/Packs/atmel/ATmega_DFP/1.1.130/gcc/dev/atmega16u2/avr35/crtatmega16u2.o
                0x00000198                __init
 *(.init0)
 *(.init1)
 *(.init1)
 *(.init2)
 .init2         0x00000198        0xc C:/Program Files (x86)/Atmel/Studio/7.0/Packs/atmel/ATmega_DFP/1.1.130/gcc/dev/atmega16u2/avr35/crtatmega16u2.o
 *(.init2)
 *(.init3)
 *(.init3)
 *(.init4)
 .init4         0x000001a4       0x16 c:/program files (x86)/atmel/studio/7.0/toolchain/avr8/avr8-gnu-toolchain/bin/../lib/gcc/avr/4.9.2/avr35\libgcc.a(_copy_data.o)
                0x000001a4                __do_copy_data
 .init4         0x000001ba       0x10 c:/program files (x86)/atmel/studio/7.0/toolchain/avr8/avr8-gnu-toolchain/bin/../lib/gcc/avr/4.9.2/avr35\libgcc.a(_clear_bss.o)
                0x000001ba                __do_clear_bss
 *(.init4)
 *(.init5)
 *(.init5)
 *(.init6)
 *(.init6)
 *(.init7)
 *(.init7)
 *(.init8)
 *(.init8)
 *(.init9)
 .init9         0x000001ca        0x6 C:/Program Files (x86)/Atmel/Studio/7.0/Packs/atmel/ATmega_DFP/1.1.130/gcc/dev/atmega16u2/avr35/crtatmega16u2.o
 *(.init9)
 *(.text)
 .text          0x000001d0        0x2 C:/Program Files (x86)/Atmel/Studio/7.0/Packs/atmel/ATmega_DFP/1.1.130/gcc/dev/atmega16u2/avr35/crtatmega16u2.o
                0x000001d0                __vector_22
                0x000001d0                __vector_28
                0x000001d0                __vector_1
                0x000001d0                __vector_24
                0x000001d0                __vector_12
                0x000001d0                __bad_interrupt
                0x000001d0                __vector_6
                0x000001d0                __vector_3
                0x000001d0                __vector_25
                0x000001d0                __vector_13
                0x000001d0                __vector_17
                0x000001d0                __vector_7
                0x000001d0                __vector_27
                0x000001d0                __vector_5
                0x000001d0                __vector_4
                0x000001d0                __vector_2
                0x000001d0                __vector_21
                0x000001d0                __vector_15
                0x000001d0                __vector_8
                0x000001d0                __vector_26
                0x000001d0                __vector_14
                0x000001d0                __vector_10
                0x000001d0                __vector_16
                0x000001d0                __vector_18
                0x000001d0                __vector_20
                0x000001d2                . = ALIGN (0x2)
 *(.text.*)
 .text.CALLBACK_USB_GetDescriptor
                0x000001d2       0xe8 Descriptors.o
                0x000001d2                CALLBACK_USB_GetDescriptor
 .text.rx_handler
                0x000002ba       0x94 u16Driver.o
 .text.timer_handler
                0x0000034e       0x5a u16Driver.o
                0x0000034e                timer_handler
 .text.__vector_9
                0x000003a8       0x14 u16Driver.o
                0x000003a8                __vector_9
 .text.__vector_23
                0x000003bc       0x52 u16Driver.o
                0x000003bc                __vector_23
 .text.__vector_19
                0x0000040e       0x52 u16Driver.o
                0x0000040e                __vector_19
 .text.init_UART
                0x00000460       0xe0 u16Driver.o
                0x00000460                init_UART
 .text.readUARTRingBuffer
                0x00000540       0x70 u16Driver.o
                0x00000540                readUARTRingBuffer
 .text.writeUARTRingBuffer
                0x000005b0       0x94 u16Driver.o
                0x000005b0                writeUARTRingBuffer
 .text.flashUARTRingBuffer
                0x00000644       0x64 u16Driver.o
                0x00000644                flashUARTRingBuffer
 .text.init_Timer
                0x000006a8       0x18 u16Driver.o
                0x000006a8                init_Timer
 .text.init_u16Driver
                0x000006c0       0x12 u16Driver.o
                0x000006c0                init_u16Driver
 .text.SetupHardware
                0x000006d2       0x32 KeyboardMouse.o
                0x000006d2                SetupHardware
 .text.main     0x00000704       0x58 KeyboardMouse.o
                0x00000704                main
 .text.EVENT_USB_Device_Connect
                0x0000075c        0x2 KeyboardMouse.o
                0x0000075c                EVENT_USB_Device_Connect
 .text.EVENT_USB_Device_Disconnect
                0x0000075e        0x2 KeyboardMouse.o
                0x0000075e                EVENT_USB_Device_Disconnect
 .text.EVENT_USB_Device_ConfigurationChanged
                0x00000760       0x18 KeyboardMouse.o
                0x00000760                EVENT_USB_Device_ConfigurationChanged
 .text.EVENT_USB_Device_ControlRequest
                0x00000778        0xe KeyboardMouse.o
                0x00000778                EVENT_USB_Device_ControlRequest
 .text.EVENT_USB_Device_StartOfFrame
                0x00000786       0x2e KeyboardMouse.o
                0x00000786                EVENT_USB_Device_StartOfFrame
 .text.CALLBACK_HID_Device_CreateHIDReport
                0x000007b4       0x5a KeyboardMouse.o
                0x000007b4                CALLBACK_HID_Device_CreateHIDReport
 .text.CALLBACK_HID_Device_ProcessHIDReport
                0x0000080e        0x2 KeyboardMouse.o
                0x0000080e                CALLBACK_HID_Device_ProcessHIDReport
 .text.HID_Device_ProcessControlRequest
                0x00000810      0x2ce src/LUFA/LUFA/Drivers/USB/Class/Device/HIDClassDevice.o
                0x00000810                HID_Device_ProcessControlRequest
 .text.HID_Device_ConfigureEndpoints
                0x00000ade       0x28 src/LUFA/LUFA/Drivers/USB/Class/Device/HIDClassDevice.o
                0x00000ade                HID_Device_ConfigureEndpoints
 .text.HID_Device_USBTask
                0x00000b06      0x190 src/LUFA/LUFA/Drivers/USB/Class/Device/HIDClassDevice.o
                0x00000b06                HID_Device_USBTask
 .text.Endpoint_Write_Stream_LE
                0x00000c96       0xe8 src/LUFA/LUFA/Drivers/USB/Core/AVR8/EndpointStream_AVR8.o
                0x00000c96                Endpoint_Write_Stream_LE
 .text.Endpoint_Write_Control_Stream_LE
                0x00000d7e      0x158 src/LUFA/LUFA/Drivers/USB/Core/AVR8/EndpointStream_AVR8.o
                0x00000d7e                Endpoint_Write_Control_Stream_LE
 .text.Endpoint_Read_Control_Stream_LE
                0x00000ed6       0xc6 src/LUFA/LUFA/Drivers/USB/Core/AVR8/EndpointStream_AVR8.o
                0x00000ed6                Endpoint_Read_Control_Stream_LE
 .text.Endpoint_Write_Control_PStream_LE
                0x00000f9c      0x158 src/LUFA/LUFA/Drivers/USB/Core/AVR8/EndpointStream_AVR8.o
                0x00000f9c                Endpoint_Write_Control_PStream_LE
 .text.Endpoint_ConfigureEndpoint_Prv
                0x000010f4       0xcc src/LUFA/LUFA/Drivers/USB/Core/AVR8/Endpoint_AVR8.o
                0x000010f4                Endpoint_ConfigureEndpoint_Prv
 .text.Endpoint_ConfigureEndpointTable
                0x000011c0       0xea src/LUFA/LUFA/Drivers/USB/Core/AVR8/Endpoint_AVR8.o
                0x000011c0                Endpoint_ConfigureEndpointTable
 .text.Endpoint_ClearStatusStage
                0x000012aa       0x48 src/LUFA/LUFA/Drivers/USB/Core/AVR8/Endpoint_AVR8.o
                0x000012aa                Endpoint_ClearStatusStage
 .text.Endpoint_WaitUntilReady
                0x000012f2       0x82 src/LUFA/LUFA/Drivers/USB/Core/AVR8/Endpoint_AVR8.o
                0x000012f2                Endpoint_WaitUntilReady
 .text.USB_ResetInterface
                0x00001374       0x66 src/LUFA/LUFA/Drivers/USB/Core/AVR8/USBController_AVR8.o
                0x00001374                USB_ResetInterface
 .text.USB_Init
                0x000013da       0x14 src/LUFA/LUFA/Drivers/USB/Core/AVR8/USBController_AVR8.o
                0x000013da                USB_Init
 .text.USB_INT_DisableAllInterrupts
                0x000013ee        0x6 src/LUFA/LUFA/Drivers/USB/Core/AVR8/USBInterrupt_AVR8.o
                0x000013ee                USB_INT_DisableAllInterrupts
 .text.USB_INT_ClearAllInterrupts
                0x000013f4        0x6 src/LUFA/LUFA/Drivers/USB/Core/AVR8/USBInterrupt_AVR8.o
                0x000013f4                USB_INT_ClearAllInterrupts
 .text.__vector_11
                0x000013fa      0x13c src/LUFA/LUFA/Drivers/USB/Core/AVR8/USBInterrupt_AVR8.o
                0x000013fa                __vector_11
 .text.USB_Device_ProcessControlRequest
                0x00001536      0x308 src/LUFA/LUFA/Drivers/USB/Core/DeviceStandardReq.o
                0x00001536                USB_Device_ProcessControlRequest
 .text.USB_Event_Stub
                0x0000183e        0x2 src/LUFA/LUFA/Drivers/USB/Core/Events.o
                0x0000183e                USB_Event_Stub
                0x0000183e                EVENT_USB_Device_Suspend
                0x0000183e                EVENT_USB_Device_Reset
                0x0000183e                EVENT_USB_Device_WakeUp
 .text.USB_USBTask
                0x00001840       0x34 src/LUFA/LUFA/Drivers/USB/Core/USBTask.o
                0x00001840                USB_USBTask
 .text.avr-libc
                0x00001874       0x1a c:/program files (x86)/atmel/studio/7.0/toolchain/avr8/avr8-gnu-toolchain/bin/../lib/gcc/avr/4.9.2/../../../../avr/lib/avr35\libc.a(memcmp.o)
                0x00001874                memcmp
 .text.avr-libc
                0x0000188e       0x12 c:/program files (x86)/atmel/studio/7.0/toolchain/avr8/avr8-gnu-toolchain/bin/../lib/gcc/avr/4.9.2/../../../../avr/lib/avr35\libc.a(memcpy.o)
                0x0000188e                memcpy
 .text.avr-libc
                0x000018a0        0xe c:/program files (x86)/atmel/studio/7.0/toolchain/avr8/avr8-gnu-toolchain/bin/../lib/gcc/avr/4.9.2/../../../../avr/lib/avr35\libc.a(memset.o)
                0x000018a0                memset
                0x000018ae                . = ALIGN (0x2)
 *(.fini9)
 .fini9         0x000018ae        0x0 c:/program files (x86)/atmel/studio/7.0/toolchain/avr8/avr8-gnu-toolchain/bin/../lib/gcc/avr/4.9.2/avr35\libgcc.a(_exit.o)
                0x000018ae                _exit
                0x000018ae                exit
 *(.fini9)
 *(.fini8)
 *(.fini8)
 *(.fini7)
 *(.fini7)
 *(.fini6)
 *(.fini6)
 *(.fini5)
 *(.fini5)
 *(.fini4)
 *(.fini4)
 *(.fini3)
 *(.fini3)
 *(.fini2)
 *(.fini2)
 *(.fini1)
 *(.fini1)
 *(.fini0)
 .fini0         0x000018ae        0x4 c:/program files (x86)/atmel/studio/7.0/toolchain/avr8/avr8-gnu-toolchain/bin/../lib/gcc/avr/4.9.2/avr35\libgcc.a(_exit.o)
 *(.fini0)
                0x000018b2                _etext = .

.data           0x00800100       0x20 load address 0x000018b2
                0x00800100                PROVIDE (__data_start, .)
 *(.data)
 *(.data*)
 .data.Mouse_HID_Interface
                0x00800100       0x10 KeyboardMouse.o
                0x00800100                Mouse_HID_Interface
 .data.Keyboard_HID_Interface
                0x00800110       0x10 KeyboardMouse.o
                0x00800110                Keyboard_HID_Interface
 *(.rodata)
 *(.rodata*)
 *(.gnu.linkonce.d*)
                0x00800120                . = ALIGN (0x2)
                0x00800120                _edata = .
                0x00800120                PROVIDE (__data_end, .)

.bss            0x00800120       0xaf
                0x00800120                PROVIDE (__bss_start, .)
 *(.bss)
 *(.bss*)
 .bss.time.1786
                0x00800120        0x2 u16Driver.o
 .bss.breaker   0x00800122        0x1 u16Driver.o
                0x00800122                breaker
 .bss.readBufferOverflow
                0x00800123        0x1 u16Driver.o
                0x00800123                readBufferOverflow
 .bss.KeyEnterStatus
                0x00800124        0x2 u16Driver.o
                0x00800124                KeyEnterStatus
 .bss.debugFlag
                0x00800126        0x1 u16Driver.o
                0x00800126                debugFlag
 .bss.txRingBufHandle
                0x00800127        0x5 u16Driver.o
 .bss.rxRingBufHandle
                0x0080012c        0x5 u16Driver.o
 .bss.uartTxBuf
                0x00800131       0x40 u16Driver.o
 .bss.uartRxBuf
                0x00800171       0x40 u16Driver.o
 .bss.timerInt  0x008001b1        0x2 u16Driver.o
 .bss.uartRXint
                0x008001b3        0x2 u16Driver.o
 .bss.led.4227  0x008001b5        0x1 KeyboardMouse.o
 .bss.PrevMouseHIDReportBuffer
                0x008001b6        0x4 KeyboardMouse.o
 .bss.PrevKeyboardHIDReportBuffer
                0x008001ba        0x8 KeyboardMouse.o
 *(COMMON)
 COMMON         0x008001c2        0x3 src/LUFA/LUFA/Drivers/USB/Core/DeviceStandardReq.o
                0x008001c2                USB_Device_ConfigurationNumber
                0x008001c3                USB_Device_CurrentlySelfPowered
                0x008001c4                USB_Device_RemoteWakeupEnabled
 COMMON         0x008001c5        0xa src/LUFA/LUFA/Drivers/USB/Core/USBTask.o
                0x008001c5                USB_IsInitialized
                0x008001c6                USB_DeviceState
                0x008001c7                USB_ControlRequest
                0x008001cf                PROVIDE (__bss_end, .)
                0x000018b2                __data_load_start = LOADADDR (.data)
                0x000018d2                __data_load_end = (__data_load_start + SIZEOF (.data))

.noinit         0x008001cf        0x0
                [!provide]                PROVIDE (__noinit_start, .)
 *(.noinit*)
                [!provide]                PROVIDE (__noinit_end, .)
                0x008001cf                _end = .
                [!provide]                PROVIDE (__heap_start, .)

.eeprom         0x00810000        0x0
 *(.eeprom*)
                0x00810000                __eeprom_end = .

.fuse
 *(.fuse)
 *(.lfuse)
 *(.hfuse)
 *(.efuse)

.lock
 *(.lock*)

.signature
 *(.signature*)

.user_signatures
 *(.user_signatures*)

.stab
 *(.stab)

.stabstr
 *(.stabstr)

.stab.excl
 *(.stab.excl)

.stab.exclstr
 *(.stab.exclstr)

.stab.index
 *(.stab.index)

.stab.indexstr
 *(.stab.indexstr)

.comment        0x00000000       0x30
 *(.comment)
 .comment       0x00000000       0x30 Descriptors.o
                                 0x31 (size before relaxing)
 .comment       0x00000030       0x31 u16Driver.o
 .comment       0x00000030       0x31 KeyboardMouse.o
 .comment       0x00000030       0x31 src/LUFA/LUFA/Drivers/USB/Class/Device/HIDClassDevice.o
 .comment       0x00000030       0x31 src/LUFA/LUFA/Drivers/USB/Core/AVR8/EndpointStream_AVR8.o
 .comment       0x00000030       0x31 src/LUFA/LUFA/Drivers/USB/Core/AVR8/Endpoint_AVR8.o
 .comment       0x00000030       0x31 src/LUFA/LUFA/Drivers/USB/Core/AVR8/USBController_AVR8.o
 .comment       0x00000030       0x31 src/LUFA/LUFA/Drivers/USB/Core/AVR8/USBInterrupt_AVR8.o
 .comment       0x00000030       0x31 src/LUFA/LUFA/Drivers/USB/Core/DeviceStandardReq.o
 .comment       0x00000030       0x31 src/LUFA/LUFA/Drivers/USB/Core/Events.o
 .comment       0x00000030       0x31 src/LUFA/LUFA/Drivers/USB/Core/USBTask.o

.note.gnu.avr.deviceinfo
                0x00000000       0x40
 .note.gnu.avr.deviceinfo
                0x00000000       0x40 C:/Program Files (x86)/Atmel/Studio/7.0/Packs/atmel/ATmega_DFP/1.1.130/gcc/dev/atmega16u2/avr35/crtatmega16u2.o

.note.gnu.build-id
 *(.note.gnu.build-id)

.debug
 *(.debug)

.line
 *(.line)

.debug_srcinfo
 *(.debug_srcinfo)

.debug_sfnames
 *(.debug_sfnames)

.debug_aranges  0x00000000      0x300
 *(.debug_aranges)
 .debug_aranges
                0x00000000       0x20 Descriptors.o
 .debug_aranges
                0x00000020       0x88 u16Driver.o
 .debug_aranges
                0x000000a8       0x60 KeyboardMouse.o
 .debug_aranges
                0x00000108       0x30 src/LUFA/LUFA/Drivers/USB/Class/Device/HIDClassDevice.o
 .debug_aranges
                0x00000138       0xc8 src/LUFA/LUFA/Drivers/USB/Core/AVR8/EndpointStream_AVR8.o
 .debug_aranges
                0x00000200       0x40 src/LUFA/LUFA/Drivers/USB/Core/AVR8/Endpoint_AVR8.o
 .debug_aranges
                0x00000240       0x30 src/LUFA/LUFA/Drivers/USB/Core/AVR8/USBController_AVR8.o
 .debug_aranges
                0x00000270       0x30 src/LUFA/LUFA/Drivers/USB/Core/AVR8/USBInterrupt_AVR8.o
 .debug_aranges
                0x000002a0       0x20 src/LUFA/LUFA/Drivers/USB/Core/DeviceStandardReq.o
 .debug_aranges
                0x000002c0       0x20 src/LUFA/LUFA/Drivers/USB/Core/Events.o
 .debug_aranges
                0x000002e0       0x20 src/LUFA/LUFA/Drivers/USB/Core/USBTask.o

.debug_pubnames
 *(.debug_pubnames)

.debug_info     0x00000000     0x6385
 *(.debug_info .gnu.linkonce.wi.*)
 .debug_info    0x00000000      0x6ba C:/Program Files (x86)/Atmel/Studio/7.0/Packs/atmel/ATmega_DFP/1.1.130/gcc/dev/atmega16u2/avr35/crtatmega16u2.o
 .debug_info    0x000006ba      0x75b Descriptors.o
 .debug_info    0x00000e15      0x958 u16Driver.o
 .debug_info    0x0000176d      0x932 KeyboardMouse.o
 .debug_info    0x0000209f      0xad1 src/LUFA/LUFA/Drivers/USB/Class/Device/HIDClassDevice.o
 .debug_info    0x00002b70     0x19aa src/LUFA/LUFA/Drivers/USB/Core/AVR8/EndpointStream_AVR8.o
 .debug_info    0x0000451a      0x624 src/LUFA/LUFA/Drivers/USB/Core/AVR8/Endpoint_AVR8.o
 .debug_info    0x00004b3e      0x481 src/LUFA/LUFA/Drivers/USB/Core/AVR8/USBController_AVR8.o
 .debug_info    0x00004fbf      0x5cf src/LUFA/LUFA/Drivers/USB/Core/AVR8/USBInterrupt_AVR8.o
 .debug_info    0x0000558e      0xaf8 src/LUFA/LUFA/Drivers/USB/Core/DeviceStandardReq.o
 .debug_info    0x00006086       0x7c src/LUFA/LUFA/Drivers/USB/Core/Events.o
 .debug_info    0x00006102      0x283 src/LUFA/LUFA/Drivers/USB/Core/USBTask.o

.debug_abbrev   0x00000000     0x1c5b
 *(.debug_abbrev)
 .debug_abbrev  0x00000000      0x65d C:/Program Files (x86)/Atmel/Studio/7.0/Packs/atmel/ATmega_DFP/1.1.130/gcc/dev/atmega16u2/avr35/crtatmega16u2.o
 .debug_abbrev  0x0000065d      0x169 Descriptors.o
 .debug_abbrev  0x000007c6      0x2b4 u16Driver.o
 .debug_abbrev  0x00000a7a      0x34c KeyboardMouse.o
 .debug_abbrev  0x00000dc6      0x260 src/LUFA/LUFA/Drivers/USB/Class/Device/HIDClassDevice.o
 .debug_abbrev  0x00001026      0x218 src/LUFA/LUFA/Drivers/USB/Core/AVR8/EndpointStream_AVR8.o
 .debug_abbrev  0x0000123e      0x223 src/LUFA/LUFA/Drivers/USB/Core/AVR8/Endpoint_AVR8.o
 .debug_abbrev  0x00001461      0x182 src/LUFA/LUFA/Drivers/USB/Core/AVR8/USBController_AVR8.o
 .debug_abbrev  0x000015e3      0x1d8 src/LUFA/LUFA/Drivers/USB/Core/AVR8/USBInterrupt_AVR8.o
 .debug_abbrev  0x000017bb      0x2dd src/LUFA/LUFA/Drivers/USB/Core/DeviceStandardReq.o
 .debug_abbrev  0x00001a98       0x47 src/LUFA/LUFA/Drivers/USB/Core/Events.o
 .debug_abbrev  0x00001adf      0x17c src/LUFA/LUFA/Drivers/USB/Core/USBTask.o

.debug_line     0x00000000     0x8cd7
 *(.debug_line .debug_line.* .debug_line_end)
 .debug_line    0x00000000      0x145 C:/Program Files (x86)/Atmel/Studio/7.0/Packs/atmel/ATmega_DFP/1.1.130/gcc/dev/atmega16u2/avr35/crtatmega16u2.o
 .debug_line    0x00000145      0xd45 Descriptors.o
 .debug_line    0x00000e8a      0x6ab u16Driver.o
 .debug_line    0x00001535      0xf22 KeyboardMouse.o
 .debug_line    0x00002457     0x115d src/LUFA/LUFA/Drivers/USB/Class/Device/HIDClassDevice.o
 .debug_line    0x000035b4     0x1f86 src/LUFA/LUFA/Drivers/USB/Core/AVR8/EndpointStream_AVR8.o
 .debug_line    0x0000553a      0xcad src/LUFA/LUFA/Drivers/USB/Core/AVR8/Endpoint_AVR8.o
 .debug_line    0x000061e7      0x8de src/LUFA/LUFA/Drivers/USB/Core/AVR8/USBController_AVR8.o
 .debug_line    0x00006ac5      0xaa2 src/LUFA/LUFA/Drivers/USB/Core/AVR8/USBInterrupt_AVR8.o
 .debug_line    0x00007567      0xacc src/LUFA/LUFA/Drivers/USB/Core/DeviceStandardReq.o
 .debug_line    0x00008033      0x47a src/LUFA/LUFA/Drivers/USB/Core/Events.o
 .debug_line    0x000084ad      0x82a src/LUFA/LUFA/Drivers/USB/Core/USBTask.o

.debug_frame    0x00000000      0xd28
 *(.debug_frame)
 .debug_frame   0x00000000       0x24 Descriptors.o
 .debug_frame   0x00000024      0x1e0 u16Driver.o
 .debug_frame   0x00000204       0xc0 KeyboardMouse.o
 .debug_frame   0x000002c4       0xf4 src/LUFA/LUFA/Drivers/USB/Class/Device/HIDClassDevice.o
 .debug_frame   0x000003b8      0x71c src/LUFA/LUFA/Drivers/USB/Core/AVR8/EndpointStream_AVR8.o
 .debug_frame   0x00000ad4       0xf4 src/LUFA/LUFA/Drivers/USB/Core/AVR8/Endpoint_AVR8.o
 .debug_frame   0x00000bc8       0x44 src/LUFA/LUFA/Drivers/USB/Core/AVR8/USBController_AVR8.o
 .debug_frame   0x00000c0c       0x8c src/LUFA/LUFA/Drivers/USB/Core/AVR8/USBInterrupt_AVR8.o
 .debug_frame   0x00000c98       0x40 src/LUFA/LUFA/Drivers/USB/Core/DeviceStandardReq.o
 .debug_frame   0x00000cd8       0x24 src/LUFA/LUFA/Drivers/USB/Core/Events.o
 .debug_frame   0x00000cfc       0x2c src/LUFA/LUFA/Drivers/USB/Core/USBTask.o

.debug_str      0x00000000    0x152b3
 *(.debug_str)
 .debug_str     0x00000000      0x262 C:/Program Files (x86)/Atmel/Studio/7.0/Packs/atmel/ATmega_DFP/1.1.130/gcc/dev/atmega16u2/avr35/crtatmega16u2.o
 .debug_str     0x00000262    0x12b15 Descriptors.o
                              0x12dd3 (size before relaxing)
 .debug_str     0x00012d77      0x2a6 u16Driver.o
                               0x7b4e (size before relaxing)
 .debug_str     0x0001301d      0xac7 KeyboardMouse.o
                              0x131be (size before relaxing)
 .debug_str     0x00013ae4      0x399 src/LUFA/LUFA/Drivers/USB/Class/Device/HIDClassDevice.o
                              0x12b44 (size before relaxing)
 .debug_str     0x00013e7d      0x9ed src/LUFA/LUFA/Drivers/USB/Core/AVR8/EndpointStream_AVR8.o
                               0xd6bd (size before relaxing)
 .debug_str     0x0001486a      0x270 src/LUFA/LUFA/Drivers/USB/Core/AVR8/Endpoint_AVR8.o
                               0xcd4c (size before relaxing)
 .debug_str     0x00014ada      0x208 src/LUFA/LUFA/Drivers/USB/Core/AVR8/USBController_AVR8.o
                               0xcc83 (size before relaxing)
 .debug_str     0x00014ce2       0xbb src/LUFA/LUFA/Drivers/USB/Core/AVR8/USBInterrupt_AVR8.o
                               0xcc0d (size before relaxing)
 .debug_str     0x00014d9d      0x445 src/LUFA/LUFA/Drivers/USB/Core/DeviceStandardReq.o
                               0xd131 (size before relaxing)
 .debug_str     0x000151e2       0x53 src/LUFA/LUFA/Drivers/USB/Core/Events.o
                               0xb742 (size before relaxing)
 .debug_str     0x00015235       0x7e src/LUFA/LUFA/Drivers/USB/Core/USBTask.o
                               0xcacb (size before relaxing)

.debug_loc      0x00000000     0x49f9
 *(.debug_loc)
 .debug_loc     0x00000000      0x40b Descriptors.o
 .debug_loc     0x0000040b      0x7f2 u16Driver.o
 .debug_loc     0x00000bfd      0x165 KeyboardMouse.o
 .debug_loc     0x00000d62      0x4a8 src/LUFA/LUFA/Drivers/USB/Class/Device/HIDClassDevice.o
 .debug_loc     0x0000120a     0x2c2d src/LUFA/LUFA/Drivers/USB/Core/AVR8/EndpointStream_AVR8.o
 .debug_loc     0x00003e37      0x5e8 src/LUFA/LUFA/Drivers/USB/Core/AVR8/Endpoint_AVR8.o
 .debug_loc     0x0000441f      0x21f src/LUFA/LUFA/Drivers/USB/Core/AVR8/USBInterrupt_AVR8.o
 .debug_loc     0x0000463e      0x372 src/LUFA/LUFA/Drivers/USB/Core/DeviceStandardReq.o
 .debug_loc     0x000049b0       0x49 src/LUFA/LUFA/Drivers/USB/Core/USBTask.o

.debug_macinfo
 *(.debug_macinfo)

.debug_weaknames
 *(.debug_weaknames)

.debug_funcnames
 *(.debug_funcnames)

.debug_typenames
 *(.debug_typenames)

.debug_varnames
 *(.debug_varnames)

.debug_pubtypes
 *(.debug_pubtypes)

.debug_ranges   0x00000000      0xe20
 *(.debug_ranges)
 .debug_ranges  0x00000000       0x10 Descriptors.o
 .debug_ranges  0x00000010      0x228 u16Driver.o
 .debug_ranges  0x00000238       0x50 KeyboardMouse.o
 .debug_ranges  0x00000288       0x20 src/LUFA/LUFA/Drivers/USB/Class/Device/HIDClassDevice.o
 .debug_ranges  0x000002a8      0x918 src/LUFA/LUFA/Drivers/USB/Core/AVR8/EndpointStream_AVR8.o
 .debug_ranges  0x00000bc0      0x1a8 src/LUFA/LUFA/Drivers/USB/Core/AVR8/Endpoint_AVR8.o
 .debug_ranges  0x00000d68       0x20 src/LUFA/LUFA/Drivers/USB/Core/AVR8/USBController_AVR8.o
 .debug_ranges  0x00000d88       0x20 src/LUFA/LUFA/Drivers/USB/Core/AVR8/USBInterrupt_AVR8.o
 .debug_ranges  0x00000da8       0x58 src/LUFA/LUFA/Drivers/USB/Core/DeviceStandardReq.o
 .debug_ranges  0x00000e00       0x10 src/LUFA/LUFA/Drivers/USB/Core/Events.o
 .debug_ranges  0x00000e10       0x10 src/LUFA/LUFA/Drivers/USB/Core/USBTask.o

.debug_macro    0x00000000     0x6e6c
 *(.debug_macro)
 .debug_macro   0x00000000      0x448 Descriptors.o
 .debug_macro   0x00000448      0xa60 Descriptors.o
 .debug_macro   0x00000ea8       0x10 Descriptors.o
 .debug_macro   0x00000eb8      0x1c9 Descriptors.o
 .debug_macro   0x00001081      0x2fc Descriptors.o
 .debug_macro   0x0000137d       0x89 Descriptors.o
 .debug_macro   0x00001406       0xaa Descriptors.o
 .debug_macro   0x000014b0     0x1601 Descriptors.o
 .debug_macro   0x00002ab1      0x13a Descriptors.o
 .debug_macro   0x00002beb       0xcb Descriptors.o
 .debug_macro   0x00002cb6       0x34 Descriptors.o
 .debug_macro   0x00002cea       0x18 Descriptors.o
 .debug_macro   0x00002d02       0x6c Descriptors.o
 .debug_macro   0x00002d6e       0xee Descriptors.o
 .debug_macro   0x00002e5c       0x12 Descriptors.o
 .debug_macro   0x00002e6e       0x10 Descriptors.o
 .debug_macro   0x00002e7e       0x22 Descriptors.o
 .debug_macro   0x00002ea0       0x16 Descriptors.o
 .debug_macro   0x00002eb6       0x20 Descriptors.o
 .debug_macro   0x00002ed6       0xef Descriptors.o
 .debug_macro   0x00002fc5       0x22 Descriptors.o
 .debug_macro   0x00002fe7      0x1a7 Descriptors.o
 .debug_macro   0x0000318e       0x2f Descriptors.o
 .debug_macro   0x000031bd       0x1c Descriptors.o
 .debug_macro   0x000031d9       0x68 Descriptors.o
 .debug_macro   0x00003241       0x28 Descriptors.o
 .debug_macro   0x00003269       0x69 Descriptors.o
 .debug_macro   0x000032d2       0x33 Descriptors.o
 .debug_macro   0x00003305      0x10c Descriptors.o
 .debug_macro   0x00003411      0x160 Descriptors.o
 .debug_macro   0x00003571      0x160 Descriptors.o
 .debug_macro   0x000036d1       0x10 Descriptors.o
 .debug_macro   0x000036e1       0x1c Descriptors.o
 .debug_macro   0x000036fd       0x86 Descriptors.o
 .debug_macro   0x00003783       0x3c Descriptors.o
 .debug_macro   0x000037bf       0x19 Descriptors.o
 .debug_macro   0x000037d8       0x4d Descriptors.o
 .debug_macro   0x00003825       0x73 Descriptors.o
 .debug_macro   0x00003898       0x16 Descriptors.o
 .debug_macro   0x000038ae       0x58 Descriptors.o
 .debug_macro   0x00003906       0x10 Descriptors.o
 .debug_macro   0x00003916       0x35 Descriptors.o
 .debug_macro   0x0000394b       0xf2 Descriptors.o
 .debug_macro   0x00003a3d       0x8e Descriptors.o
 .debug_macro   0x00003acb       0x12 Descriptors.o
 .debug_macro   0x00003add       0x1c Descriptors.o
 .debug_macro   0x00003af9       0x64 Descriptors.o
 .debug_macro   0x00003b5d       0x41 Descriptors.o
 .debug_macro   0x00003b9e       0x10 Descriptors.o
 .debug_macro   0x00003bae       0x1c Descriptors.o
 .debug_macro   0x00003bca       0x16 Descriptors.o
 .debug_macro   0x00003be0       0x16 Descriptors.o
 .debug_macro   0x00003bf6      0x12c Descriptors.o
 .debug_macro   0x00003d22       0x16 Descriptors.o
 .debug_macro   0x00003d38       0x46 Descriptors.o
 .debug_macro   0x00003d7e       0x16 Descriptors.o
 .debug_macro   0x00003d94      0x154 Descriptors.o
 .debug_macro   0x00003ee8       0x2a Descriptors.o
 .debug_macro   0x00003f12      0x6ce Descriptors.o
 .debug_macro   0x000045e0       0x16 Descriptors.o
 .debug_macro   0x000045f6      0x132 Descriptors.o
 .debug_macro   0x00004728       0x16 Descriptors.o
 .debug_macro   0x0000473e       0x10 Descriptors.o
 .debug_macro   0x0000474e       0x6c Descriptors.o
 .debug_macro   0x000047ba       0x16 Descriptors.o
 .debug_macro   0x000047d0       0x1c Descriptors.o
 .debug_macro   0x000047ec       0x16 Descriptors.o
 .debug_macro   0x00004802       0x10 Descriptors.o
 .debug_macro   0x00004812      0x1be Descriptors.o
 .debug_macro   0x000049d0       0x16 Descriptors.o
 .debug_macro   0x000049e6       0x16 Descriptors.o
 .debug_macro   0x000049fc       0xc8 u16Driver.o
 .debug_macro   0x00004ac4       0x10 u16Driver.o
 .debug_macro   0x00004ad4       0x9e u16Driver.o
 .debug_macro   0x00004b72       0x97 u16Driver.o
 .debug_macro   0x00004c09       0x94 u16Driver.o
 .debug_macro   0x00004c9d       0x10 u16Driver.o
 .debug_macro   0x00004cad      0x4a3 KeyboardMouse.o
 .debug_macro   0x00005150       0x68 KeyboardMouse.o
 .debug_macro   0x000051b8       0x65 KeyboardMouse.o
 .debug_macro   0x0000521d       0x16 KeyboardMouse.o
 .debug_macro   0x00005233       0x12 KeyboardMouse.o
 .debug_macro   0x00005245       0xe2 KeyboardMouse.o
 .debug_macro   0x00005327       0x10 KeyboardMouse.o
 .debug_macro   0x00005337       0x22 KeyboardMouse.o
 .debug_macro   0x00005359       0x3a KeyboardMouse.o
 .debug_macro   0x00005393       0x16 KeyboardMouse.o
 .debug_macro   0x000053a9       0x1c KeyboardMouse.o
 .debug_macro   0x000053c5      0x455 src/LUFA/LUFA/Drivers/USB/Class/Device/HIDClassDevice.o
 .debug_macro   0x0000581a      0x643 src/LUFA/LUFA/Drivers/USB/Core/AVR8/EndpointStream_AVR8.o
 .debug_macro   0x00005e5d       0x28 src/LUFA/LUFA/Drivers/USB/Core/AVR8/EndpointStream_AVR8.o
 .debug_macro   0x00005e85       0x1c src/LUFA/LUFA/Drivers/USB/Core/AVR8/EndpointStream_AVR8.o
 .debug_macro   0x00005ea1       0x1c src/LUFA/LUFA/Drivers/USB/Core/AVR8/EndpointStream_AVR8.o
 .debug_macro   0x00005ebd      0x2da src/LUFA/LUFA/Drivers/USB/Core/AVR8/Endpoint_AVR8.o
 .debug_macro   0x00006197       0x10 src/LUFA/LUFA/Drivers/USB/Core/AVR8/Endpoint_AVR8.o
 .debug_macro   0x000061a7      0x2ac src/LUFA/LUFA/Drivers/USB/Core/AVR8/USBController_AVR8.o
 .debug_macro   0x00006453       0x79 src/LUFA/LUFA/Drivers/USB/Core/AVR8/USBController_AVR8.o
 .debug_macro   0x000064cc      0x2b4 src/LUFA/LUFA/Drivers/USB/Core/AVR8/USBInterrupt_AVR8.o
 .debug_macro   0x00006780      0x2b2 src/LUFA/LUFA/Drivers/USB/Core/DeviceStandardReq.o
 .debug_macro   0x00006a32      0x182 src/LUFA/LUFA/Drivers/USB/Core/Events.o
 .debug_macro   0x00006bb4      0x2b8 src/LUFA/LUFA/Drivers/USB/Core/USBTask.o
OUTPUT(SerialTestWithUSB.elf elf32-avr)
LOAD linker stubs
